This is XeTeX, Version 3.141592653-2.6-0.999998 (MiKTeX 26.1) (preloaded format=xelatex.fmt)
 restricted \write18 enabled.
entering extended mode
(Relatorio_Propostas_SPE_ISPTEC.tex
LaTeX2e <2025-11-01>
L3 programming layer <2026-01-19>
(C:\Program Files\MiKTeX\tex/latex/base\article.cls
Document Class: article 2025/01/22 v1.4n Standard LaTeX document class
(C:\Program Files\MiKTeX\tex/latex/base\size12.clo))
(C:\Program Files\MiKTeX\tex/generic/babel\babel.sty
(C:\Program Files\MiKTeX\tex/generic/babel\xebabel.def)
*************************************
* Local config file bblopts.cfg used
*
(C:\Program Files\MiKTeX\tex/latex/arabi\bblopts.cfg)
(C:\Program Files\MiKTeX\tex/generic/babel/locale/pt\babel-portuguese.tex)
(C:\Program Files\MiKTeX\tex/latex/babel-portuges\portuguese.ldf))
(C:\Program Files\MiKTeX\tex/latex/geometry\geometry.sty
(C:\Program Files\MiKTeX\tex/latex/graphics\keyval.sty)
(C:\Program Files\MiKTeX\tex/generic/iftex\ifvtex.sty
(C:\Program Files\MiKTeX\tex/generic/iftex\iftex.sty))
(C:\Program Files\MiKTeX\tex/latex/geometry\geometry.cfg))
(C:\Program Files\MiKTeX\tex/latex/fancyhdr\fancyhdr.sty)
(C:\Program Files\MiKTeX\tex/latex/xcolor\xcolor.sty
(C:\Program Files\MiKTeX\tex/latex/graphics-cfg\color.cfg)
(C:\Program Files\MiKTeX\tex/latex/graphics-def\xetex.def)
(C:\Program Files\MiKTeX\tex/latex/graphics\mathcolor.ltx))
(C:\Program Files\MiKTeX\tex/latex/pgf/frontendlayer\tikz.sty
(C:\Program Files\MiKTeX\tex/latex/pgf/basiclayer\pgf.sty
(C:\Program Files\MiKTeX\tex/latex/pgf/utilities\pgfrcs.sty
(C:\Program Files\MiKTeX\tex/generic/pgf/utilities\pgfutil-common.tex)
(C:\Program Files\MiKTeX\tex/generic/pgf/utilities\pgfutil-latex.def)
(C:\Program Files\MiKTeX\tex/generic/pgf/utilities\pgfrcs.code.tex
(C:\Program Files\MiKTeX\tex/generic/pgf\pgf.revision.tex)))
(C:\Program Files\MiKTeX\tex/latex/pgf/basiclayer\pgfcore.sty
(C:\Program Files\MiKTeX\tex/latex/graphics\graphicx.sty
(C:\Program Files\MiKTeX\tex/latex/graphics\graphics.sty
(C:\Program Files\MiKTeX\tex/latex/graphics\trig.sty)
(C:\Program Files\MiKTeX\tex/latex/graphics-cfg\graphics.cfg)))
(C:\Program Files\MiKTeX\tex/latex/pgf/systemlayer\pgfsys.sty
(C:\Program Files\MiKTeX\tex/generic/pgf/systemlayer\pgfsys.code.tex
(C:\Program Files\MiKTeX\tex/generic/pgf/utilities\pgfkeys.code.tex
(C:\Program Files\MiKTeX\tex/generic/pgf/utilities\pgfkeyslibraryfiltered.code.
tex)) (C:\Program Files\MiKTeX\tex/generic/pgf/systemlayer\pgf.cfg)
(C:\Program Files\MiKTeX\tex/generic/pgf/systemlayer\pgfsys-xetex.def
(C:\Program Files\MiKTeX\tex/generic/pgf/systemlayer\pgfsys-dvipdfmx.def
(C:\Program Files\MiKTeX\tex/generic/pgf/systemlayer\pgfsys-common-pdf.def))))
(C:\Program Files\MiKTeX\tex/generic/pgf/systemlayer\pgfsyssoftpath.code.tex)
(C:\Program Files\MiKTeX\tex/generic/pgf/systemlayer\pgfsysprotocol.code.tex))
(C:\Program Files\MiKTeX\tex/generic/pgf/basiclayer\pgfcore.code.tex
(C:\Program Files\MiKTeX\tex/generic/pgf/math\pgfmath.code.tex
(C:\Program Files\MiKTeX\tex/generic/pgf/math\pgfmathutil.code.tex)
(C:\Program Files\MiKTeX\tex/generic/pgf/math\pgfmathparser.code.tex)
(C:\Program Files\MiKTeX\tex/generic/pgf/math\pgfmathfunctions.code.tex)
(C:\Program Files\MiKTeX\tex/generic/pgf/math\pgfmathfunctions.basic.code.tex)
(C:\Program Files\MiKTeX\tex/generic/pgf/math\pgfmathfunctions.trigonometric.co
de.tex)
(C:\Program Files\MiKTeX\tex/generic/pgf/math\pgfmathfunctions.random.code.tex)

(C:\Program Files\MiKTeX\tex/generic/pgf/math\pgfmathfunctions.comparison.code.
tex)
(C:\Program Files\MiKTeX\tex/generic/pgf/math\pgfmathfunctions.base.code.tex)
(C:\Program Files\MiKTeX\tex/generic/pgf/math\pgfmathfunctions.round.code.tex)
(C:\Program Files\MiKTeX\tex/generic/pgf/math\pgfmathfunctions.misc.code.tex)
(C:\Program Files\MiKTeX\tex/generic/pgf/math\pgfmathfunctions.integerarithmeti
cs.code.tex) (C:\Program Files\MiKTeX\tex/generic/pgf/math\pgfmathcalc.code.tex
) (C:\Program Files\MiKTeX\tex/generic/pgf/math\pgfmathfloat.code.tex))
(C:\Program Files\MiKTeX\tex/generic/pgf/math\pgfint.code.tex)
(C:\Program Files\MiKTeX\tex/generic/pgf/basiclayer\pgfcorepoints.code.tex)
(C:\Program Files\MiKTeX\tex/generic/pgf/basiclayer\pgfcorepathconstruct.code.t
ex)
(C:\Program Files\MiKTeX\tex/generic/pgf/basiclayer\pgfcorepathusage.code.tex)
(C:\Program Files\MiKTeX\tex/generic/pgf/basiclayer\pgfcorescopes.code.tex)
(C:\Program Files\MiKTeX\tex/generic/pgf/basiclayer\pgfcoregraphicstate.code.te
x)
(C:\Program Files\MiKTeX\tex/generic/pgf/basiclayer\pgfcoretransformations.code
.tex) (C:\Program Files\MiKTeX\tex/generic/pgf/basiclayer\pgfcorequick.code.tex
) (C:\Program Files\MiKTeX\tex/generic/pgf/basiclayer\pgfcoreobjects.code.tex)
(C:\Program Files\MiKTeX\tex/generic/pgf/basiclayer\pgfcorepathprocessing.code.
tex) (C:\Program Files\MiKTeX\tex/generic/pgf/basiclayer\pgfcorearrows.code.tex
) (C:\Program Files\MiKTeX\tex/generic/pgf/basiclayer\pgfcoreshade.code.tex)
(C:\Program Files\MiKTeX\tex/generic/pgf/basiclayer\pgfcoreimage.code.tex)
(C:\Program Files\MiKTeX\tex/generic/pgf/basiclayer\pgfcoreexternal.code.tex)
(C:\Program Files\MiKTeX\tex/generic/pgf/basiclayer\pgfcorelayers.code.tex)
(C:\Program Files\MiKTeX\tex/generic/pgf/basiclayer\pgfcoretransparency.code.te
x) (C:\Program Files\MiKTeX\tex/generic/pgf/basiclayer\pgfcorepatterns.code.tex
) (C:\Program Files\MiKTeX\tex/generic/pgf/basiclayer\pgfcorerdf.code.tex)))
(C:\Program Files\MiKTeX\tex/generic/pgf/modules\pgfmoduleshapes.code.tex)
(C:\Program Files\MiKTeX\tex/generic/pgf/modules\pgfmoduleplot.code.tex)
(C:\Program Files\MiKTeX\tex/latex/pgf/compatibility\pgfcomp-version-0-65.sty)
(C:\Program Files\MiKTeX\tex/latex/pgf/compatibility\pgfcomp-version-1-18.sty))
 (C:\Program Files\MiKTeX\tex/latex/pgf/utilities\pgffor.sty
(C:\Program Files\MiKTeX\tex/latex/pgf/utilities\pgfkeys.sty
(C:\Program Files\MiKTeX\tex/generic/pgf/utilities\pgfkeys.code.tex))
(C:\Program Files\MiKTeX\tex/latex/pgf/math\pgfmath.sty
(C:\Program Files\MiKTeX\tex/generic/pgf/math\pgfmath.code.tex))
(C:\Program Files\MiKTeX\tex/generic/pgf/utilities\pgffor.code.tex))
(C:\Program Files\MiKTeX\tex/generic/pgf/frontendlayer/tikz\tikz.code.tex
(C:\Program Files\MiKTeX\tex/generic/pgf/libraries\pgflibraryplothandlers.code.
tex) (C:\Program Files\MiKTeX\tex/generic/pgf/modules\pgfmodulematrix.code.tex)

(C:\Program Files\MiKTeX\tex/generic/pgf/frontendlayer/tikz/libraries\tikzlibra
rytopaths.code.tex)))
(C:\Program Files\MiKTeX\tex/generic/pgf/frontendlayer/tikz/libraries\tikzlibra
rypositioning.code.tex)
(C:\Program Files\MiKTeX\tex/generic/pgf/frontendlayer/tikz/libraries\tikzlibra
rycalc.code.tex) (C:\Program Files\MiKTeX\tex/latex/tools\array.sty)
(C:\Program Files\MiKTeX\tex/latex/booktabs\booktabs.sty)
(C:\Program Files\MiKTeX\tex/latex/hyperref\hyperref.sty
(C:\Program Files\MiKTeX\tex/latex/kvsetkeys\kvsetkeys.sty)
(C:\Program Files\MiKTeX\tex/generic/kvdefinekeys\kvdefinekeys.sty)
(C:\Program Files\MiKTeX\tex/generic/pdfescape\pdfescape.sty
(C:\Program Files\MiKTeX\tex/generic/ltxcmds\ltxcmds.sty)
(C:\Program Files\MiKTeX\tex/generic/pdftexcmds\pdftexcmds.sty
(C:\Program Files\MiKTeX\tex/generic/infwarerr\infwarerr.sty)))
(C:\Program Files\MiKTeX\tex/latex/hycolor\hycolor.sty)
(C:\Program Files\MiKTeX\tex/latex/hyperref\nameref.sty
(C:\Program Files\MiKTeX\tex/latex/refcount\refcount.sty)
(C:\Program Files\MiKTeX\tex/generic/gettitlestring\gettitlestring.sty
(C:\Program Files\MiKTeX\tex/latex/kvoptions\kvoptions.sty)))
(C:\Program Files\MiKTeX\tex/latex/etoolbox\etoolbox.sty)
(C:\Program Files\MiKTeX\tex/generic/stringenc\stringenc.sty)
(C:\Program Files\MiKTeX\tex/latex/hyperref\pd1enc.def)
(C:\Program Files\MiKTeX\tex/generic/intcalc\intcalc.sty)
(C:\Program Files\MiKTeX\tex/latex/hyperref\puenc.def)
(C:\Program Files\MiKTeX\tex/latex/url\url.sty)
(C:\Program Files\MiKTeX\tex/generic/bitset\bitset.sty
(C:\Program Files\MiKTeX\tex/generic/bigintcalc\bigintcalc.sty)))
(C:\Program Files\MiKTeX\tex/latex/hyperref\hxetex.def
(C:\Program Files\MiKTeX\tex/latex/rerunfilecheck\rerunfilecheck.sty
(C:\Program Files\MiKTeX\tex/generic/uniquecounter\uniquecounter.sty)))
(C:\Program Files\MiKTeX\tex/latex/float\float.sty)
(C:\Program Files\MiKTeX\tex/latex/enumitem\enumitem.sty)
(C:\Program Files\MiKTeX\tex/latex/tocloft\tocloft.sty)
(C:\Program Files\MiKTeX\tex/latex/setspace\setspace.sty)
(C:\Program Files\MiKTeX\tex/latex/titlesec\titlesec.sty)
(C:\Program Files\MiKTeX\tex/latex/l3backend\l3backend-xetex.def)
(Relatorio_Propostas_SPE_ISPTEC.aux)
*geometry* driver: auto-detecting
*geometry* detected driver: xetex
(Relatorio_Propostas_SPE_ISPTEC.out) (Relatorio_Propostas_SPE_ISPTEC.out)

Package hyperref Warning: Rerun to get /PageLabels entry.

[1] [1] [2] (Relatorio_Propostas_SPE_ISPTEC.toc [3]) [4]
Overfull \hbox (20.82335pt too wide) in paragraph at lines 190--191
\TU/lmr/m/n/12 Projetos pr├íticos, hackathons, competi├º├Áes t├®cnicas integradas (
PetroBowl, ISPTEC Petro-Challenge)
[5] [6] [7] [8] [9]
! Misplaced alignment tab character &.
l.353 An├ílise de modelos de sucesso (Texas A&
                                             M, UFRJ) adaptados ├á realidade ...

[10] [11] [12] [13] [14] [15] [16] [17]
Underfull \hbox (badness 2512) in paragraph at lines 666--666
[]|\TU/lmr/m/n/10.95 Interc├ómbio com

Underfull \hbox (badness 4391) in paragraph at lines 666--667
[]|\TU/lmr/m/n/10.95 Todos os mem-

Underfull \hbox (badness 4391) in paragraph at lines 667--668
[]|\TU/lmr/m/n/10.95 Todos os mem-
[18] [19] [20] [21] [22] [23]
Missing character: There is no Ô£ô in font [lmroman12-regular]:mapping=tex-text;!
Missing character: There is no Ô£ô in font [lmroman12-regular]:mapping=tex-text;!
Missing character: There is no Ô£ô in font [lmroman12-regular]:mapping=tex-text;!
Missing character: There is no Ô£ô in font [lmroman12-regular]:mapping=tex-text;!
Missing character: There is no Ô£ô in font [lmroman12-regular]:mapping=tex-text;!
Missing character: There is no Ô£ô in font [lmroman12-regular]:mapping=tex-text;!
Missing character: There is no Ô£ô in font [lmroman12-regular]:mapping=tex-text;!
Missing character: There is no Ô£ô in font [lmroman12-regular]:mapping=tex-text;!
Missing character: There is no Ô£ô in font [lmroman12-regular]:mapping=tex-text;!
Missing character: There is no Ô£ô in font [lmroman12-regular]:mapping=tex-text;!
Missing character: There is no Ô£ô in font [lmroman12-regular]:mapping=tex-text;!
Missing character: There is no Ô£ô in font [lmroman12-regular]:mapping=tex-text;!
Missing character: There is no Ô£ô in font [lmroman12-regular]:mapping=tex-text;!
Missing character: There is no Ô£ô in font [lmroman12-regular]:mapping=tex-text;!
Missing character: There is no Ô£ô in font [lmroman12-regular]:mapping=tex-text;!
Missing character: There is no Ô£ô in font [lmroman12-regular]:mapping=tex-text;!
[24] [25] [26] [27] [28] [29] [30] [31]
! Misplaced alignment tab character &.
l.1076 ...e cap├¡tulos SPE internacionais (Texas A&
                                                  M, UFRJ, Imperial College)...

[32] [33] (Relatorio_Propostas_SPE_ISPTEC.aux) )
(see the transcript file for additional information)
Output written on Relatorio_Propostas_SPE_ISPTEC.pdf (34 pages).
Transcript written on Relatorio_Propostas_SPE_ISPTEC.log.
